
   WARN  Metadata found in doc-comment for method Tests\Unit\InvestmentCalculationServiceTest::it_calculates_fifo_stats_for_simple_buy_and_sell(). Metadata in doc-comments is deprecated and will no longer be supported in PHPUnit 12. Update your test code to use attributes instead.

   WARN  Metadata found in doc-comment for method Tests\Unit\InvestmentCalculationServiceTest::it_calculates_fifo_stats_with_multiple_buy_lots(). Metadata in doc-comments is deprecated and will no longer be supported in PHPUnit 12. Update your test code to use attributes instead.

   WARN  Metadata found in doc-comment for method Tests\Feature\InvestmentResourceTest::it_can_list_investments(). Metadata in doc-comments is deprecated and will no longer be supported in PHPUnit 12. Update your test code to use attributes instead.

   WARN  Metadata found in doc-comment for method Tests\Feature\InvestmentResourceTest::it_can_view_investment_details(). Metadata in doc-comments is deprecated and will no longer be supported in PHPUnit 12. Update your test code to use attributes instead.

   WARN  Metadata found in doc-comment for method Tests\Feature\InvestmentResourceTest::it_can_only_view_own_investments(). Metadata in doc-comments is deprecated and will no longer be supported in PHPUnit 12. Update your test code to use attributes instead.

   PASS  Tests\Unit\ExampleTest
  Ôťô that true is true                                                             0.01s  

   PASS  Tests\Unit\InvestmentCalculationServiceTest
  Ôťô it calculates fifo stats for simple buy and sell                              1.00s  
  Ôťô it calculates fifo stats with multiple buy lots                               0.13s  

   PASS  Tests\Feature\ExampleTest
  Ôťô the application returns a successful response                                 1.65s  

   PASS  Tests\Feature\InvestmentResourceTest
  Ôťô it can list investments                                                       1.67s  
  Ôťô it can view investment details                                                1.57s  
  Ôťô it can only view own investments                                              1.51s  

  Tests:    7 passed (17 assertions)
  Duration: 7.85s

